#
# There is insufficient memory for the Java Runtime Environment to continue.
# Native memory allocation (malloc) failed to allocate 262160 bytes. Error detail: Chunk::new
# Possible reasons:
#   The system is out of physical RAM or swap space
#   This process is running with CompressedOops enabled, and the Java Heap may be blocking the growth of the native heap
# Possible solutions:
#   Reduce memory load on the system
#   Increase physical memory or swap space
#   Check if swap backing store is full
#   Decrease Java heap size (-Xmx/-Xms)
#   Decrease number of Java threads
#   Decrease Java thread stack sizes (-Xss)
#   Set larger code cache with -XX:ReservedCodeCacheSize=
#   JVM is running with Unscaled Compressed Oops mode in which the Java heap is
#     placed in the first 4GB address space. The Java Heap base address is the
#     maximum limit for the native heap growth. Please use -XX:HeapBaseMinAddress
#     to set the Java Heap base and to place the Java Heap above 4GB virtual address.
# This output file may be truncated or incomplete.
#
#  Out of Memory Error (arena.cpp:191), pid=16716, tid=10368
#
# JRE version: OpenJDK Runtime Environment Temurin-17.0.13+11 (17.0.13+11) (build 17.0.13+11)
# Java VM: OpenJDK 64-Bit Server VM Temurin-17.0.13+11 (17.0.13+11, mixed mode, tiered, compressed oops, compressed class ptrs, parallel gc, windows-amd64)
# No core dump will be written. Minidumps are not enabled by default on client versions of Windows
#

---------------  S U M M A R Y ------------

Command Line: --add-modules=ALL-SYSTEM --add-opens=java.base/java.util=ALL-UNNAMED --add-opens=java.base/java.lang=ALL-UNNAMED --add-opens=java.base/sun.nio.fs=ALL-UNNAMED -Declipse.application=org.eclipse.jdt.ls.core.id1 -Dosgi.bundles.defaultStartLevel=4 -Declipse.product=org.eclipse.jdt.ls.core.product -Djava.import.generatesMetadataFilesAtProjectRoot=false -DDetectVMInstallationsJob.disabled=true -Dfile.encoding=utf8 -XX:+UseParallelGC -XX:GCTimeRatio=4 -XX:AdaptiveSizePolicyWeight=90 -Dsun.zip.disableMemoryMapping=true -Xmx1G -Xms100m -Xlog:disable -javaagent:c:\Users\user\.vscode\extensions\redhat.java-1.36.0-win32-x64\lombok\lombok-1.18.35.jar -XX:+HeapDumpOnOutOfMemoryError -XX:HeapDumpPath=c:\Users\user\AppData\Roaming\Code\User\workspaceStorage\c7b7e401d10cee196e386f16ae98a690\redhat.java -Daether.dependencyCollector.impl=bf c:\Users\user\.vscode\extensions\redhat.java-1.36.0-win32-x64\server\plugins\org.eclipse.equinox.launcher_1.6.900.v20240613-2009.jar -configuration c:\Users\user\AppData\Roaming\Code\User\globalStorage\redhat.java\1.36.0\config_win -data c:\Users\user\AppData\Roaming\Code\User\workspaceStorage\c7b7e401d10cee196e386f16ae98a690\redhat.java\jdt_ws --pipe=\\.\pipe\lsp-d6f03c5c84be8e2fcf95336722e5b7f8-sock

Host: 12th Gen Intel(R) Core(TM) i5-12400, 12 cores, 15G,  Windows 11 , 64 bit Build 22621 (10.0.22621.3958)
Time: Wed Nov  6 10:39:33 2024  Windows 11 , 64 bit Build 22621 (10.0.22621.3958) elapsed time: 4.133598 seconds (0d 0h 0m 4s)

---------------  T H R E A D  ---------------

Current thread (0x000001b49b8b0050):  JavaThread "C2 CompilerThread2" daemon [_thread_in_native, id=10368, stack(0x000000668bd00000,0x000000668be00000)]


Current CompileTask:
C2:   4133 4227   !   4       org.eclipse.osgi.internal.loader.classpath.ClasspathManager::findLocalClass (210 bytes)

Stack: [0x000000668bd00000,0x000000668be00000]
Native frames: (J=compiled Java code, j=interpreted, Vv=VM code, C=native code)
V  [jvm.dll+0x682a19]
V  [jvm.dll+0x839538]
V  [jvm.dll+0x83afe3]
V  [jvm.dll+0x83b653]
V  [jvm.dll+0x24704f]
V  [jvm.dll+0xace34]
V  [jvm.dll+0xad4cc]
V  [jvm.dll+0xacf44]
V  [jvm.dll+0x66043c]
V  [jvm.dll+0x21f759]
V  [jvm.dll+0x6a5f71]
V  [jvm.dll+0x2171b5]
V  [jvm.dll+0x1a3070]
V  [jvm.dll+0x22788c]
V  [jvm.dll+0x2259eb]
V  [jvm.dll+0x7eec98]
V  [jvm.dll+0x7e8ffc]
V  [jvm.dll+0x6818f7]
C  [ucrtbase.dll+0x29333]
C  [KERNEL32.DLL+0x1257d]
C  [ntdll.dll+0x5af08]


---------------  P R O C E S S  ---------------

Threads class SMR info:
_java_thread_list=0x000001b49c6d9360, length=44, elements={
0x000001b4ff5d8cf0, 0x000001b4ff879030, 0x000001b4ff879d80, 0x000001b498d53840,
0x000001b498d763e0, 0x000001b498d76fa0, 0x000001b498d77a60, 0x000001b498d94350,
0x000001b498df7500, 0x000001b498e16a50, 0x000001b498e6cae0, 0x000001b498fff090,
0x000001b49ab61d60, 0x000001b49aec6330, 0x000001b49ae570f0, 0x000001b49ac0cdf0,
0x000001b49ada1cd0, 0x000001b49ae3b070, 0x000001b49ae3c4b0, 0x000001b49ae3bfa0,
0x000001b49b2bae60, 0x000001b49b2b9000, 0x000001b49b0638b0, 0x000001b49b2b9a20,
0x000001b49b8b0050, 0x000001b49b2bc7b0, 0x000001b49b2b9f30, 0x000001b49b2b9510,
0x000001b49b2bb880, 0x000001b49b2b6270, 0x000001b49b2b6c90, 0x000001b49b2b80d0,
0x000001b49b2bb370, 0x000001b49b2b71a0, 0x000001b49b2b8af0, 0x000001b49b2ba440,
0x000001b49b2ba950, 0x000001b49b2b6780, 0x000001b49b2bbd90, 0x000001b49b2b76b0,
0x000001b49b2b7bc0, 0x000001b49b2bc2a0, 0x000001b49b2b5340, 0x000001b49b2bccc0
}

Java Threads: ( => current thread )
  0x000001b4ff5d8cf0 JavaThread "main" [_thread_in_Java, id=13240, stack(0x0000006689900000,0x0000006689a00000)]
  0x000001b4ff879030 JavaThread "Reference Handler" daemon [_thread_blocked, id=19492, stack(0x0000006689c00000,0x0000006689d00000)]
  0x000001b4ff879d80 JavaThread "Finalizer" daemon [_thread_blocked, id=13588, stack(0x0000006689d00000,0x0000006689e00000)]
  0x000001b498d53840 JavaThread "Signal Dispatcher" daemon [_thread_blocked, id=11060, stack(0x0000006689e00000,0x0000006689f00000)]
  0x000001b498d763e0 JavaThread "Attach Listener" daemon [_thread_blocked, id=1676, stack(0x0000006689f00000,0x000000668a000000)]
  0x000001b498d76fa0 JavaThread "Service Thread" daemon [_thread_blocked, id=18268, stack(0x000000668a000000,0x000000668a100000)]
  0x000001b498d77a60 JavaThread "Monitor Deflation Thread" daemon [_thread_blocked, id=17052, stack(0x000000668a100000,0x000000668a200000)]
  0x000001b498d94350 JavaThread "C2 CompilerThread0" daemon [_thread_in_native, id=12208, stack(0x000000668a200000,0x000000668a300000)]
  0x000001b498df7500 JavaThread "C1 CompilerThread0" daemon [_thread_blocked, id=20316, stack(0x000000668a300000,0x000000668a400000)]
  0x000001b498e16a50 JavaThread "Sweeper thread" daemon [_thread_blocked, id=17612, stack(0x000000668a400000,0x000000668a500000)]
  0x000001b498e6cae0 JavaThread "Common-Cleaner" daemon [_thread_blocked, id=22468, stack(0x000000668a500000,0x000000668a600000)]
  0x000001b498fff090 JavaThread "Notification Thread" daemon [_thread_blocked, id=9792, stack(0x000000668a600000,0x000000668a700000)]
  0x000001b49ab61d60 JavaThread "Active Thread: Equinox Container: 3fc67506-cf76-495f-9a92-2e259dd1926d" [_thread_blocked, id=6736, stack(0x000000668b000000,0x000000668b100000)]
  0x000001b49aec6330 JavaThread "Refresh Thread: Equinox Container: 3fc67506-cf76-495f-9a92-2e259dd1926d" daemon [_thread_blocked, id=14600, stack(0x000000668b100000,0x000000668b200000)]
  0x000001b49ae570f0 JavaThread "Framework Event Dispatcher: Equinox Container: 3fc67506-cf76-495f-9a92-2e259dd1926d" daemon [_thread_blocked, id=7536, stack(0x000000668b200000,0x000000668b300000)]
  0x000001b49ac0cdf0 JavaThread "Start Level: Equinox Container: 3fc67506-cf76-495f-9a92-2e259dd1926d" daemon [_thread_blocked, id=20804, stack(0x000000668b300000,0x000000668b400000)]
  0x000001b49ada1cd0 JavaThread "Bundle File Closer" daemon [_thread_blocked, id=9236, stack(0x000000668b500000,0x000000668b600000)]
  0x000001b49ae3b070 JavaThread "SCR Component Actor" daemon [_thread_blocked, id=18036, stack(0x000000668b800000,0x000000668b900000)]
  0x000001b49ae3c4b0 JavaThread "SCR Component Registry" daemon [_thread_blocked, id=10564, stack(0x000000668b900000,0x000000668ba00000)]
  0x000001b49ae3bfa0 JavaThread "Worker-JM" [_thread_blocked, id=17940, stack(0x000000668ba00000,0x000000668bb00000)]
  0x000001b49b2bae60 JavaThread "JNA Cleaner" daemon [_thread_blocked, id=18152, stack(0x000000668a800000,0x000000668a900000)]
  0x000001b49b2b9000 JavaThread "Worker-0: Loading available Gradle versions" [_thread_blocked, id=19920, stack(0x000000668a900000,0x000000668aa00000)]
  0x000001b49b0638b0 JavaThread "C2 CompilerThread1" daemon [_thread_in_native, id=18768, stack(0x000000668bb00000,0x000000668bc00000)]
  0x000001b49b2b9a20 JavaThread "Worker-1: Initialize After Load" [_thread_blocked, id=12556, stack(0x000000668bc00000,0x000000668bd00000)]
=>0x000001b49b8b0050 JavaThread "C2 CompilerThread2" daemon [_thread_in_native, id=10368, stack(0x000000668bd00000,0x000000668be00000)]
  0x000001b49b2bc7b0 JavaThread "Java indexing" daemon [_thread_blocked, id=15288, stack(0x000000668be00000,0x000000668bf00000)]
  0x000001b49b2b9f30 JavaThread "Worker-2: Load persistent model for all projects" [_thread_blocked, id=21920, stack(0x000000668c100000,0x000000668c200000)]
  0x000001b49b2b9510 JavaThread "Worker-3" [_thread_blocked, id=7064, stack(0x000000668c200000,0x000000668c300000)]
  0x000001b49b2bb880 JavaThread "Thread-2" daemon [_thread_in_native, id=10500, stack(0x000000668c300000,0x000000668c400000)]
  0x000001b49b2b6270 JavaThread "Thread-3" daemon [_thread_in_native, id=13236, stack(0x000000668c400000,0x000000668c500000)]
  0x000001b49b2b6c90 JavaThread "Thread-4" daemon [_thread_in_native, id=14732, stack(0x000000668c500000,0x000000668c600000)]
  0x000001b49b2b80d0 JavaThread "Thread-5" daemon [_thread_in_native, id=17148, stack(0x000000668c600000,0x000000668c700000)]
  0x000001b49b2bb370 JavaThread "Thread-6" daemon [_thread_in_native, id=13388, stack(0x000000668c700000,0x000000668c800000)]
  0x000001b49b2b71a0 JavaThread "Thread-7" daemon [_thread_in_native, id=11316, stack(0x000000668c800000,0x000000668c900000)]
  0x000001b49b2b8af0 JavaThread "Thread-8" daemon [_thread_in_native, id=13980, stack(0x000000668c900000,0x000000668ca00000)]
  0x000001b49b2ba440 JavaThread "Thread-9" daemon [_thread_in_native, id=17016, stack(0x000000668ca00000,0x000000668cb00000)]
  0x000001b49b2ba950 JavaThread "Thread-10" daemon [_thread_in_native, id=7988, stack(0x000000668cb00000,0x000000668cc00000)]
  0x000001b49b2b6780 JavaThread "Thread-11" daemon [_thread_in_native, id=20916, stack(0x000000668cc00000,0x000000668cd00000)]
  0x000001b49b2bbd90 JavaThread "Thread-12" daemon [_thread_in_native, id=15696, stack(0x000000668cd00000,0x000000668ce00000)]
  0x000001b49b2b76b0 JavaThread "Thread-13" daemon [_thread_in_native, id=16012, stack(0x000000668ce00000,0x000000668cf00000)]
  0x000001b49b2b7bc0 JavaThread "Thread-14" daemon [_thread_in_native, id=18492, stack(0x000000668cf00000,0x000000668d000000)]
  0x000001b49b2bc2a0 JavaThread "pool-2-thread-1" [_thread_blocked, id=4328, stack(0x000000668d000000,0x000000668d100000)]
  0x000001b49b2b5340 JavaThread "WorkspaceEventsHandler" [_thread_blocked, id=7300, stack(0x000000668d100000,0x000000668d200000)]
  0x000001b49b2bccc0 JavaThread "pool-1-thread-1" [_thread_in_vm, id=7288, stack(0x000000668d200000,0x000000668d300000)]

Other Threads:
  0x000001b4ff67ec20 VMThread "VM Thread" [stack: 0x0000006689b00000,0x0000006689c00000] [id=17272]
  0x000001b49906d470 WatcherThread [stack: 0x000000668a700000,0x000000668a800000] [id=4828]
  0x000001b4ff5edd70 GCTaskThread "GC Thread#0" [stack: 0x0000006689a00000,0x0000006689b00000] [id=10884]
  0x000001b49aab0240 GCTaskThread "GC Thread#1" [stack: 0x000000668aa00000,0x000000668ab00000] [id=13808]
  0x000001b49aab0710 GCTaskThread "GC Thread#2" [stack: 0x000000668ab00000,0x000000668ac00000] [id=19564]
  0x000001b49ab646d0 GCTaskThread "GC Thread#3" [stack: 0x000000668ac00000,0x000000668ad00000] [id=22504]
  0x000001b49ae9b860 GCTaskThread "GC Thread#4" [stack: 0x000000668ad00000,0x000000668ae00000] [id=15092]
  0x000001b49ae9bb20 GCTaskThread "GC Thread#5" [stack: 0x000000668ae00000,0x000000668af00000] [id=11812]
  0x000001b49ae9bde0 GCTaskThread "GC Thread#6" [stack: 0x000000668af00000,0x000000668b000000] [id=13304]
  0x000001b49ab9cb00 GCTaskThread "GC Thread#7" [stack: 0x000000668b400000,0x000000668b500000] [id=13136]
  0x000001b49b0bbc10 GCTaskThread "GC Thread#8" [stack: 0x000000668b600000,0x000000668b700000] [id=2956]
  0x000001b49b2822c0 GCTaskThread "GC Thread#9" [stack: 0x000000668b700000,0x000000668b800000] [id=11092]

Threads with active compile tasks:
C2 CompilerThread0     4171 4092       4       org.eclipse.osgi.internal.loader.BundleLoader::addExportedProvidersFor (167 bytes)
C2 CompilerThread1     4171 4228   !   4       org.eclipse.osgi.internal.serviceregistry.ServiceRegistry::lookupServiceRegistrations (215 bytes)
C2 CompilerThread2     4171 4227   !   4       org.eclipse.osgi.internal.loader.classpath.ClasspathManager::findLocalClass (210 bytes)

VM state: not at safepoint (normal execution)

VM Mutex/Monitor currently owned by a thread: None

Heap address: 0x00000000c0000000, size: 1024 MB, Compressed Oops mode: 32-bit

CDS archive(s) not mapped
Compressed class space mapped at: 0x0000000100000000-0x0000000140000000, reserved size: 1073741824
Narrow klass base: 0x0000000000000000, Narrow klass shift: 3, Narrow klass range: 0x140000000

GC Precious Log:
 CPUs: 12 total, 12 available
 Memory: 16099M
 Large Page Support: Disabled
 NUMA Support: Disabled
 Compressed Oops: Enabled (32-bit)
 Alignments: Space 512K, Generation 512K, Heap 2M
 Heap Min Capacity: 100M
 Heap Initial Capacity: 100M
 Heap Max Capacity: 1G
 Pre-touch: Disabled
 Parallel Workers: 10

Heap:
 PSYoungGen      total 23040K, used 1947K [0x00000000eab00000, 0x00000000ec600000, 0x0000000100000000)
  eden space 22016K, 5% used [0x00000000eab00000,0x00000000eac36fa0,0x00000000ec080000)
  from space 1024K, 68% used [0x00000000ec400000,0x00000000ec4b0000,0x00000000ec500000)
  to   space 1024K, 0% used [0x00000000ec500000,0x00000000ec500000,0x00000000ec600000)
 ParOldGen       total 68608K, used 16468K [0x00000000c0000000, 0x00000000c4300000, 0x00000000eab00000)
  object space 68608K, 24% used [0x00000000c0000000,0x00000000c10150c0,0x00000000c4300000)
 Metaspace       used 40356K, committed 41216K, reserved 1114112K
  class space    used 4088K, committed 4416K, reserved 1048576K

Card table byte_map: [0x000001b4fef90000,0x000001b4ff1a0000] _byte_map_base: 0x000001b4fe990000

Marking Bits: (ParMarkBitMap*) 0x00007ff9bda26940
 Begin Bits: [0x000001b491be0000, 0x000001b492be0000)
 End Bits:   [0x000001b492be0000, 0x000001b493be0000)

Polling page: 0x000001b4fed80000

Metaspace:

Usage:
  Non-class:     35.42 MB used.
      Class:      3.99 MB used.
       Both:     39.41 MB used.

Virtual space:
  Non-class space:       64.00 MB reserved,      35.94 MB ( 56%) committed,  1 nodes.
      Class space:        1.00 GB reserved,       4.31 MB ( <1%) committed,  1 nodes.
             Both:        1.06 GB reserved,      40.25 MB (  4%) committed. 

Chunk freelists:
   Non-Class:  11.33 MB
       Class:  11.57 MB
        Both:  22.90 MB

MaxMetaspaceSize: unlimited
CompressedClassSpaceSize: 1.00 GB
Initial GC threshold: 21.00 MB
Current GC threshold: 58.38 MB
CDS: off
MetaspaceReclaimPolicy: balanced
 - commit_granule_bytes: 65536.
 - commit_granule_words: 8192.
 - virtual_space_node_default_size: 8388608.
 - enlarge_chunks_in_place: 1.
 - new_chunks_are_fully_committed: 0.
 - uncommit_free_chunks: 1.
 - use_allocation_guard: 0.
 - handle_deallocations: 1.


Internal statistics:

num_allocs_failed_limit: 6.
num_arena_births: 404.
num_arena_deaths: 14.
num_vsnodes_births: 2.
num_vsnodes_deaths: 0.
num_space_committed: 644.
num_space_uncommitted: 0.
num_chunks_returned_to_freelist: 20.
num_chunks_taken_from_freelist: 1723.
num_chunk_merges: 7.
num_chunk_splits: 1126.
num_chunks_enlarged: 765.
num_inconsistent_stats: 0.

CodeHeap 'non-profiled nmethods': size=120000Kb used=2112Kb max_used=2112Kb free=117887Kb
 bounds [0x000001b48a6b0000, 0x000001b48a920000, 0x000001b491be0000]
CodeHeap 'profiled nmethods': size=120000Kb used=8891Kb max_used=8891Kb free=111108Kb
 bounds [0x000001b482be0000, 0x000001b483490000, 0x000001b48a110000]
CodeHeap 'non-nmethods': size=5760Kb used=1296Kb max_used=1327Kb free=4463Kb
 bounds [0x000001b48a110000, 0x000001b48a380000, 0x000001b48a6b0000]
 total_blobs=4937 nmethods=4313 adapters=538
 compilation: enabled
              stopped_count=0, restarted_count=0
 full_count=0

Compilation events (20 events):
Event: 4.092 Thread 0x000001b498df7500 nmethod 4218 0x000001b483469910 code [0x000001b483469aa0, 0x000001b483469bf8]
Event: 4.093 Thread 0x000001b498df7500 4219       3       java.lang.Class::getInterfaces (49 bytes)
Event: 4.093 Thread 0x000001b498df7500 nmethod 4219 0x000001b483469c90 code [0x000001b483469e80, 0x000001b48346a318]
Event: 4.093 Thread 0x000001b498df7500 4220       3       java.util.Spliterators$ArraySpliterator::estimateSize (11 bytes)
Event: 4.093 Thread 0x000001b498df7500 nmethod 4220 0x000001b48346a490 code [0x000001b48346a620, 0x000001b48346a738]
Event: 4.094 Thread 0x000001b498df7500 4221       3       java.nio.ByteBuffer::wrap (8 bytes)
Event: 4.094 Thread 0x000001b498df7500 nmethod 4221 0x000001b48346a810 code [0x000001b48346a9a0, 0x000001b48346aac8]
Event: 4.094 Thread 0x000001b49b8b0050 4222       4       sun.reflect.generics.parser.SignatureParser::skipIdentifier (67 bytes)
Event: 4.098 Thread 0x000001b49b8b0050 nmethod 4222 0x000001b48a8b3a90 code [0x000001b48a8b3c40, 0x000001b48a8b3f78]
Event: 4.101 Thread 0x000001b498df7500 4224       3       java.lang.reflect.Method::isSynthetic (5 bytes)
Event: 4.102 Thread 0x000001b498df7500 nmethod 4224 0x000001b48346ab90 code [0x000001b48346ad40, 0x000001b48346af78]
Event: 4.102 Thread 0x000001b498df7500 4223   !   3       sun.reflect.annotation.AnnotationParser::parseAnnotations (37 bytes)
Event: 4.102 Thread 0x000001b498df7500 nmethod 4223 0x000001b48346b090 code [0x000001b48346b280, 0x000001b48346b5a8]
Event: 4.102 Thread 0x000001b498df7500 4225       3       org.eclipse.lsp4j.jsonrpc.services.AnnotationUtil::isDelegateMethod (59 bytes)
Event: 4.103 Thread 0x000001b498df7500 nmethod 4225 0x000001b48346b710 code [0x000001b48346b9c0, 0x000001b48346c618]
Event: 4.103 Thread 0x000001b49b8b0050 4226       4       java.lang.Class::getPackageName (81 bytes)
Event: 4.110 Thread 0x000001b49b8b0050 nmethod 4226 0x000001b48a8b4310 code [0x000001b48a8b44c0, 0x000001b48a8b4b98]
Event: 4.110 Thread 0x000001b49b8b0050 4227   !   4       org.eclipse.osgi.internal.loader.classpath.ClasspathManager::findLocalClass (210 bytes)
Event: 4.118 Thread 0x000001b49b0638b0 nmethod 4131 0x000001b48a8b5010 code [0x000001b48a8b54e0, 0x000001b48a8b9e90]
Event: 4.119 Thread 0x000001b49b0638b0 4228   !   4       org.eclipse.osgi.internal.serviceregistry.ServiceRegistry::lookupServiceRegistrations (215 bytes)

GC Heap History (20 events):
Event: 2.592 GC heap before
{Heap before GC invocations=5 (full 0):
 PSYoungGen      total 29696K, used 13256K [0x00000000eab00000, 0x00000000ecc00000, 0x0000000100000000)
  eden space 25600K, 35% used [0x00000000eab00000,0x00000000eb3f7ba0,0x00000000ec400000)
  from space 4096K, 99% used [0x00000000ec800000,0x00000000ecbfa790,0x00000000ecc00000)
  to   space 4096K, 0% used [0x00000000ec400000,0x00000000ec400000,0x00000000ec800000)
 ParOldGen       total 68608K, used 6487K [0x00000000c0000000, 0x00000000c4300000, 0x00000000eab00000)
  object space 68608K, 9% used [0x00000000c0000000,0x00000000c0655d68,0x00000000c4300000)
 Metaspace       used 21082K, committed 21504K, reserved 1114112K
  class space    used 2122K, committed 2304K, reserved 1048576K
}
Event: 2.594 GC heap after
{Heap after GC invocations=5 (full 0):
 PSYoungGen      total 29696K, used 4086K [0x00000000eab00000, 0x00000000ece00000, 0x0000000100000000)
  eden space 25600K, 0% used [0x00000000eab00000,0x00000000eab00000,0x00000000ec400000)
  from space 4096K, 99% used [0x00000000ec400000,0x00000000ec7fdba0,0x00000000ec800000)
  to   space 5120K, 0% used [0x00000000ec900000,0x00000000ec900000,0x00000000ece00000)
 ParOldGen       total 68608K, used 6908K [0x00000000c0000000, 0x00000000c4300000, 0x00000000eab00000)
  object space 68608K, 10% used [0x00000000c0000000,0x00000000c06bf058,0x00000000c4300000)
 Metaspace       used 21082K, committed 21504K, reserved 1114112K
  class space    used 2122K, committed 2304K, reserved 1048576K
}
Event: 2.594 GC heap before
{Heap before GC invocations=6 (full 1):
 PSYoungGen      total 29696K, used 4086K [0x00000000eab00000, 0x00000000ece00000, 0x0000000100000000)
  eden space 25600K, 0% used [0x00000000eab00000,0x00000000eab00000,0x00000000ec400000)
  from space 4096K, 99% used [0x00000000ec400000,0x00000000ec7fdba0,0x00000000ec800000)
  to   space 5120K, 0% used [0x00000000ec900000,0x00000000ec900000,0x00000000ece00000)
 ParOldGen       total 68608K, used 6908K [0x00000000c0000000, 0x00000000c4300000, 0x00000000eab00000)
  object space 68608K, 10% used [0x00000000c0000000,0x00000000c06bf058,0x00000000c4300000)
 Metaspace       used 21082K, committed 21504K, reserved 1114112K
  class space    used 2122K, committed 2304K, reserved 1048576K
}
Event: 2.611 GC heap after
{Heap after GC invocations=6 (full 1):
 PSYoungGen      total 29696K, used 0K [0x00000000eab00000, 0x00000000ece00000, 0x0000000100000000)
  eden space 25600K, 0% used [0x00000000eab00000,0x00000000eab00000,0x00000000ec400000)
  from space 4096K, 0% used [0x00000000ec400000,0x00000000ec400000,0x00000000ec800000)
  to   space 5120K, 0% used [0x00000000ec900000,0x00000000ec900000,0x00000000ece00000)
 ParOldGen       total 68608K, used 10718K [0x00000000c0000000, 0x00000000c4300000, 0x00000000eab00000)
  object space 68608K, 15% used [0x00000000c0000000,0x00000000c0a77a90,0x00000000c4300000)
 Metaspace       used 21082K, committed 21504K, reserved 1114112K
  class space    used 2122K, committed 2304K, reserved 1048576K
}
Event: 3.147 GC heap before
{Heap before GC invocations=7 (full 1):
 PSYoungGen      total 29696K, used 25600K [0x00000000eab00000, 0x00000000ece00000, 0x0000000100000000)
  eden space 25600K, 100% used [0x00000000eab00000,0x00000000ec400000,0x00000000ec400000)
  from space 4096K, 0% used [0x00000000ec400000,0x00000000ec400000,0x00000000ec800000)
  to   space 5120K, 0% used [0x00000000ec900000,0x00000000ec900000,0x00000000ece00000)
 ParOldGen       total 68608K, used 10718K [0x00000000c0000000, 0x00000000c4300000, 0x00000000eab00000)
  object space 68608K, 15% used [0x00000000c0000000,0x00000000c0a77a90,0x00000000c4300000)
 Metaspace       used 24862K, committed 25408K, reserved 1114112K
  class space    used 2528K, committed 2752K, reserved 1048576K
}
Event: 3.149 GC heap after
{Heap after GC invocations=7 (full 1):
 PSYoungGen      total 26624K, used 1315K [0x00000000eab00000, 0x00000000eca80000, 0x0000000100000000)
  eden space 25088K, 0% used [0x00000000eab00000,0x00000000eab00000,0x00000000ec380000)
  from space 1536K, 85% used [0x00000000ec900000,0x00000000eca48e70,0x00000000eca80000)
  to   space 2560K, 0% used [0x00000000ec580000,0x00000000ec580000,0x00000000ec800000)
 ParOldGen       total 68608K, used 10726K [0x00000000c0000000, 0x00000000c4300000, 0x00000000eab00000)
  object space 68608K, 15% used [0x00000000c0000000,0x00000000c0a79a90,0x00000000c4300000)
 Metaspace       used 24862K, committed 25408K, reserved 1114112K
  class space    used 2528K, committed 2752K, reserved 1048576K
}
Event: 3.371 GC heap before
{Heap before GC invocations=8 (full 1):
 PSYoungGen      total 26624K, used 26403K [0x00000000eab00000, 0x00000000eca80000, 0x0000000100000000)
  eden space 25088K, 100% used [0x00000000eab00000,0x00000000ec380000,0x00000000ec380000)
  from space 1536K, 85% used [0x00000000ec900000,0x00000000eca48e70,0x00000000eca80000)
  to   space 2560K, 0% used [0x00000000ec580000,0x00000000ec580000,0x00000000ec800000)
 ParOldGen       total 68608K, used 10726K [0x00000000c0000000, 0x00000000c4300000, 0x00000000eab00000)
  object space 68608K, 15% used [0x00000000c0000000,0x00000000c0a79a90,0x00000000c4300000)
 Metaspace       used 27458K, committed 28160K, reserved 1114112K
  class space    used 2821K, committed 3072K, reserved 1048576K
}
Event: 3.372 GC heap after
{Heap after GC invocations=8 (full 1):
 PSYoungGen      total 27136K, used 2533K [0x00000000eab00000, 0x00000000eca00000, 0x0000000100000000)
  eden space 24576K, 0% used [0x00000000eab00000,0x00000000eab00000,0x00000000ec300000)
  from space 2560K, 98% used [0x00000000ec580000,0x00000000ec7f95e0,0x00000000ec800000)
  to   space 2048K, 0% used [0x00000000ec800000,0x00000000ec800000,0x00000000eca00000)
 ParOldGen       total 68608K, used 11054K [0x00000000c0000000, 0x00000000c4300000, 0x00000000eab00000)
  object space 68608K, 16% used [0x00000000c0000000,0x00000000c0acbaa0,0x00000000c4300000)
 Metaspace       used 27458K, committed 28160K, reserved 1114112K
  class space    used 2821K, committed 3072K, reserved 1048576K
}
Event: 3.464 GC heap before
{Heap before GC invocations=9 (full 1):
 PSYoungGen      total 27136K, used 26997K [0x00000000eab00000, 0x00000000eca00000, 0x0000000100000000)
  eden space 24576K, 99% used [0x00000000eab00000,0x00000000ec2e3e40,0x00000000ec300000)
  from space 2560K, 98% used [0x00000000ec580000,0x00000000ec7f95e0,0x00000000ec800000)
  to   space 2048K, 0% used [0x00000000ec800000,0x00000000ec800000,0x00000000eca00000)
 ParOldGen       total 68608K, used 11054K [0x00000000c0000000, 0x00000000c4300000, 0x00000000eab00000)
  object space 68608K, 16% used [0x00000000c0000000,0x00000000c0acbaa0,0x00000000c4300000)
 Metaspace       used 29770K, committed 30400K, reserved 1114112K
  class space    used 2985K, committed 3264K, reserved 1048576K
}
Event: 3.465 GC heap after
{Heap after GC invocations=9 (full 1):
 PSYoungGen      total 26112K, used 2044K [0x00000000eab00000, 0x00000000eca00000, 0x0000000100000000)
  eden space 24064K, 0% used [0x00000000eab00000,0x00000000eab00000,0x00000000ec280000)
  from space 2048K, 99% used [0x00000000ec800000,0x00000000ec9ff2e8,0x00000000eca00000)
  to   space 3584K, 0% used [0x00000000ec300000,0x00000000ec300000,0x00000000ec680000)
 ParOldGen       total 68608K, used 12287K [0x00000000c0000000, 0x00000000c4300000, 0x00000000eab00000)
  object space 68608K, 17% used [0x00000000c0000000,0x00000000c0bffd20,0x00000000c4300000)
 Metaspace       used 29770K, committed 30400K, reserved 1114112K
  class space    used 2985K, committed 3264K, reserved 1048576K
}
Event: 3.589 GC heap before
{Heap before GC invocations=10 (full 1):
 PSYoungGen      total 26112K, used 26108K [0x00000000eab00000, 0x00000000eca00000, 0x0000000100000000)
  eden space 24064K, 100% used [0x00000000eab00000,0x00000000ec280000,0x00000000ec280000)
  from space 2048K, 99% used [0x00000000ec800000,0x00000000ec9ff2e8,0x00000000eca00000)
  to   space 3584K, 0% used [0x00000000ec300000,0x00000000ec300000,0x00000000ec680000)
 ParOldGen       total 68608K, used 12287K [0x00000000c0000000, 0x00000000c4300000, 0x00000000eab00000)
  object space 68608K, 17% used [0x00000000c0000000,0x00000000c0bffd20,0x00000000c4300000)
 Metaspace       used 33074K, committed 33792K, reserved 1114112K
  class space    used 3235K, committed 3520K, reserved 1048576K
}
Event: 3.591 GC heap after
{Heap after GC invocations=10 (full 1):
 PSYoungGen      total 27136K, used 3359K [0x00000000eab00000, 0x00000000ec900000, 0x0000000100000000)
  eden space 23552K, 0% used [0x00000000eab00000,0x00000000eab00000,0x00000000ec200000)
  from space 3584K, 93% used [0x00000000ec300000,0x00000000ec647db0,0x00000000ec680000)
  to   space 2560K, 0% used [0x00000000ec680000,0x00000000ec680000,0x00000000ec900000)
 ParOldGen       total 68608K, used 12914K [0x00000000c0000000, 0x00000000c4300000, 0x00000000eab00000)
  object space 68608K, 18% used [0x00000000c0000000,0x00000000c0c9ca40,0x00000000c4300000)
 Metaspace       used 33074K, committed 33792K, reserved 1114112K
  class space    used 3235K, committed 3520K, reserved 1048576K
}
Event: 3.758 GC heap before
{Heap before GC invocations=11 (full 1):
 PSYoungGen      total 27136K, used 26911K [0x00000000eab00000, 0x00000000ec900000, 0x0000000100000000)
  eden space 23552K, 100% used [0x00000000eab00000,0x00000000ec200000,0x00000000ec200000)
  from space 3584K, 93% used [0x00000000ec300000,0x00000000ec647db0,0x00000000ec680000)
  to   space 2560K, 0% used [0x00000000ec680000,0x00000000ec680000,0x00000000ec900000)
 ParOldGen       total 68608K, used 12914K [0x00000000c0000000, 0x00000000c4300000, 0x00000000eab00000)
  object space 68608K, 18% used [0x00000000c0000000,0x00000000c0c9ca40,0x00000000c4300000)
 Metaspace       used 34880K, committed 35520K, reserved 1114112K
  class space    used 3378K, committed 3648K, reserved 1048576K
}
Event: 3.760 GC heap after
{Heap after GC invocations=11 (full 1):
 PSYoungGen      total 25600K, used 2267K [0x00000000eab00000, 0x00000000ec900000, 0x0000000100000000)
  eden space 23040K, 0% used [0x00000000eab00000,0x00000000eab00000,0x00000000ec180000)
  from space 2560K, 88% used [0x00000000ec680000,0x00000000ec8b6ef0,0x00000000ec900000)
  to   space 3072K, 0% used [0x00000000ec300000,0x00000000ec300000,0x00000000ec600000)
 ParOldGen       total 68608K, used 15050K [0x00000000c0000000, 0x00000000c4300000, 0x00000000eab00000)
  object space 68608K, 21% used [0x00000000c0000000,0x00000000c0eb2ad0,0x00000000c4300000)
 Metaspace       used 34880K, committed 35520K, reserved 1114112K
  class space    used 3378K, committed 3648K, reserved 1048576K
}
Event: 3.773 GC heap before
{Heap before GC invocations=12 (full 1):
 PSYoungGen      total 25600K, used 4009K [0x00000000eab00000, 0x00000000ec900000, 0x0000000100000000)
  eden space 23040K, 7% used [0x00000000eab00000,0x00000000eacb3728,0x00000000ec180000)
  from space 2560K, 88% used [0x00000000ec680000,0x00000000ec8b6ef0,0x00000000ec900000)
  to   space 3072K, 0% used [0x00000000ec300000,0x00000000ec300000,0x00000000ec600000)
 ParOldGen       total 68608K, used 15050K [0x00000000c0000000, 0x00000000c4300000, 0x00000000eab00000)
  object space 68608K, 21% used [0x00000000c0000000,0x00000000c0eb2ad0,0x00000000c4300000)
 Metaspace       used 35135K, committed 35840K, reserved 1114112K
  class space    used 3414K, committed 3712K, reserved 1048576K
}
Event: 3.775 GC heap after
{Heap after GC invocations=12 (full 1):
 PSYoungGen      total 23552K, used 288K [0x00000000eab00000, 0x00000000ec700000, 0x0000000100000000)
  eden space 23040K, 0% used [0x00000000eab00000,0x00000000eab00000,0x00000000ec180000)
  from space 512K, 56% used [0x00000000ec300000,0x00000000ec348000,0x00000000ec380000)
  to   space 1536K, 0% used [0x00000000ec580000,0x00000000ec580000,0x00000000ec700000)
 ParOldGen       total 68608K, used 17139K [0x00000000c0000000, 0x00000000c4300000, 0x00000000eab00000)
  object space 68608K, 24% used [0x00000000c0000000,0x00000000c10bcc80,0x00000000c4300000)
 Metaspace       used 35135K, committed 35840K, reserved 1114112K
  class space    used 3414K, committed 3712K, reserved 1048576K
}
Event: 3.775 GC heap before
{Heap before GC invocations=13 (full 2):
 PSYoungGen      total 23552K, used 288K [0x00000000eab00000, 0x00000000ec700000, 0x0000000100000000)
  eden space 23040K, 0% used [0x00000000eab00000,0x00000000eab00000,0x00000000ec180000)
  from space 512K, 56% used [0x00000000ec300000,0x00000000ec348000,0x00000000ec380000)
  to   space 1536K, 0% used [0x00000000ec580000,0x00000000ec580000,0x00000000ec700000)
 ParOldGen       total 68608K, used 17139K [0x00000000c0000000, 0x00000000c4300000, 0x00000000eab00000)
  object space 68608K, 24% used [0x00000000c0000000,0x00000000c10bcc80,0x00000000c4300000)
 Metaspace       used 35135K, committed 35840K, reserved 1114112K
  class space    used 3414K, committed 3712K, reserved 1048576K
}
Event: 3.791 GC heap after
{Heap after GC invocations=13 (full 2):
 PSYoungGen      total 23552K, used 0K [0x00000000eab00000, 0x00000000ec700000, 0x0000000100000000)
  eden space 23040K, 0% used [0x00000000eab00000,0x00000000eab00000,0x00000000ec180000)
  from space 512K, 0% used [0x00000000ec300000,0x00000000ec300000,0x00000000ec380000)
  to   space 1536K, 0% used [0x00000000ec580000,0x00000000ec580000,0x00000000ec700000)
 ParOldGen       total 68608K, used 15546K [0x00000000c0000000, 0x00000000c4300000, 0x00000000eab00000)
  object space 68608K, 22% used [0x00000000c0000000,0x00000000c0f2eba8,0x00000000c4300000)
 Metaspace       used 35122K, committed 35840K, reserved 1114112K
  class space    used 3411K, committed 3712K, reserved 1048576K
}
Event: 4.011 GC heap before
{Heap before GC invocations=14 (full 2):
 PSYoungGen      total 23552K, used 23040K [0x00000000eab00000, 0x00000000ec700000, 0x0000000100000000)
  eden space 23040K, 100% used [0x00000000eab00000,0x00000000ec180000,0x00000000ec180000)
  from space 512K, 0% used [0x00000000ec300000,0x00000000ec300000,0x00000000ec380000)
  to   space 1536K, 0% used [0x00000000ec580000,0x00000000ec580000,0x00000000ec700000)
 ParOldGen       total 68608K, used 15546K [0x00000000c0000000, 0x00000000c4300000, 0x00000000eab00000)
  object space 68608K, 22% used [0x00000000c0000000,0x00000000c0f2eba8,0x00000000c4300000)
 Metaspace       used 38121K, committed 38976K, reserved 1114112K
  class space    used 3786K, committed 4160K, reserved 1048576K
}
Event: 4.013 GC heap after
{Heap after GC invocations=14 (full 2):
 PSYoungGen      total 24064K, used 1054K [0x00000000eab00000, 0x00000000ec700000, 0x0000000100000000)
  eden space 22528K, 0% used [0x00000000eab00000,0x00000000eab00000,0x00000000ec100000)
  from space 1536K, 68% used [0x00000000ec580000,0x00000000ec687bd8,0x00000000ec700000)
  to   space 1536K, 0% used [0x00000000ec400000,0x00000000ec400000,0x00000000ec580000)
 ParOldGen       total 68608K, used 15554K [0x00000000c0000000, 0x00000000c4300000, 0x00000000eab00000)
  object space 68608K, 22% used [0x00000000c0000000,0x00000000c0f30ba8,0x00000000c4300000)
 Metaspace       used 38121K, committed 38976K, reserved 1114112K
  class space    used 3786K, committed 4160K, reserved 1048576K
}

Dll operation events (10 events):
Event: 0.016 Loaded shared library c:\Users\user\.vscode\extensions\redhat.java-1.36.0-win32-x64\jre\17.0.13-win32-x86_64\bin\java.dll
Event: 0.171 Loaded shared library c:\Users\user\.vscode\extensions\redhat.java-1.36.0-win32-x64\jre\17.0.13-win32-x86_64\bin\zip.dll
Event: 0.177 Loaded shared library C:\Users\user\.vscode\extensions\redhat.java-1.36.0-win32-x64\jre\17.0.13-win32-x86_64\bin\instrument.dll
Event: 0.188 Loaded shared library C:\Users\user\.vscode\extensions\redhat.java-1.36.0-win32-x64\jre\17.0.13-win32-x86_64\bin\net.dll
Event: 0.192 Loaded shared library C:\Users\user\.vscode\extensions\redhat.java-1.36.0-win32-x64\jre\17.0.13-win32-x86_64\bin\nio.dll
Event: 0.200 Loaded shared library C:\Users\user\.vscode\extensions\redhat.java-1.36.0-win32-x64\jre\17.0.13-win32-x86_64\bin\zip.dll
Event: 0.215 Loaded shared library C:\Users\user\.vscode\extensions\redhat.java-1.36.0-win32-x64\jre\17.0.13-win32-x86_64\bin\jimage.dll
Event: 0.289 Loaded shared library c:\Users\user\.vscode\extensions\redhat.java-1.36.0-win32-x64\jre\17.0.13-win32-x86_64\bin\verify.dll
Event: 1.301 Loaded shared library C:\Users\user\AppData\Roaming\Code\User\globalStorage\redhat.java\1.36.0\config_win\org.eclipse.equinox.launcher\org.eclipse.equinox.launcher.win32.win32.x86_64_1.2.1100.v20240722-2106\eclipse_11904.dll
Event: 2.997 Loaded shared library C:\Users\user\AppData\Local\Temp\jna-3599307\jna6759560421511006505.dll

Deoptimization events (20 events):
Event: 3.912 Thread 0x000001b49b2b9a20 DEOPT PACKING pc=0x000001b48a8526c8 sp=0x000000668bcfc120
Event: 3.912 Thread 0x000001b49b2b9a20 DEOPT UNPACKING pc=0x000001b48a1666a3 sp=0x000000668bcfc040 mode 2
Event: 3.921 Thread 0x000001b4ff5d8cf0 Uncommon trap: trap_request=0xffffff76 fr.pc=0x000001b48a8749e4 relative=0x0000000000000584
Event: 3.921 Thread 0x000001b4ff5d8cf0 Uncommon trap: reason=predicate action=maybe_recompile pc=0x000001b48a8749e4 method=java.util.TreeMap.getEntryUsingComparator(Ljava/lang/Object;)Ljava/util/TreeMap$Entry; @ 19 c2
Event: 3.921 Thread 0x000001b4ff5d8cf0 DEOPT PACKING pc=0x000001b48a8749e4 sp=0x00000066899fdfd0
Event: 3.921 Thread 0x000001b4ff5d8cf0 DEOPT UNPACKING pc=0x000001b48a1666a3 sp=0x00000066899fdfa0 mode 2
Event: 3.928 Thread 0x000001b4ff5d8cf0 Uncommon trap: trap_request=0xffffff45 fr.pc=0x000001b48a893954 relative=0x0000000000000194
Event: 3.928 Thread 0x000001b4ff5d8cf0 Uncommon trap: reason=unstable_if action=reinterpret pc=0x000001b48a893954 method=java.util.concurrent.locks.ReentrantReadWriteLock$Sync.tryReleaseShared(I)Z @ 129 c2
Event: 3.928 Thread 0x000001b4ff5d8cf0 DEOPT PACKING pc=0x000001b48a893954 sp=0x00000066899f7550
Event: 3.928 Thread 0x000001b4ff5d8cf0 DEOPT UNPACKING pc=0x000001b48a1666a3 sp=0x00000066899f74c8 mode 2
Event: 3.943 Thread 0x000001b4ff5d8cf0 Uncommon trap: trap_request=0xffffff45 fr.pc=0x000001b48a85c9b8 relative=0x00000000000017b8
Event: 3.943 Thread 0x000001b4ff5d8cf0 Uncommon trap: reason=unstable_if action=reinterpret pc=0x000001b48a85c9b8 method=java.util.Properties.loadConvert([CIILjava/lang/StringBuilder;)Ljava/lang/String; @ 477 c2
Event: 3.943 Thread 0x000001b4ff5d8cf0 DEOPT PACKING pc=0x000001b48a85c9b8 sp=0x00000066899f9200
Event: 3.943 Thread 0x000001b4ff5d8cf0 DEOPT UNPACKING pc=0x000001b48a1666a3 sp=0x00000066899f91d8 mode 2
Event: 3.957 Thread 0x000001b4ff5d8cf0 DEOPT PACKING pc=0x000001b4830011b8 sp=0x00000066899f96c0
Event: 3.957 Thread 0x000001b4ff5d8cf0 DEOPT UNPACKING pc=0x000001b48a166e43 sp=0x00000066899f8bc8 mode 0
Event: 3.989 Thread 0x000001b49b2b9f30 Uncommon trap: trap_request=0xffffff45 fr.pc=0x000001b48a829cdc relative=0x00000000000004dc
Event: 3.989 Thread 0x000001b49b2b9f30 Uncommon trap: reason=unstable_if action=reinterpret pc=0x000001b48a829cdc method=java.util.Properties$LineReader.readLine()I @ 318 c2
Event: 3.989 Thread 0x000001b49b2b9f30 DEOPT PACKING pc=0x000001b48a829cdc sp=0x000000668c1fecd0
Event: 3.989 Thread 0x000001b49b2b9f30 DEOPT UNPACKING pc=0x000001b48a1666a3 sp=0x000000668c1fec60 mode 2

Classes loaded (20 events):
Event: 4.031 Loading class jdk/internal/vm/annotation/IntrinsicCandidate done
Event: 4.048 Loading class sun/reflect/generics/tree/BottomSignature
Event: 4.049 Loading class sun/reflect/generics/tree/BottomSignature done
Event: 4.049 Loading class sun/reflect/generics/tree/Wildcard
Event: 4.049 Loading class sun/reflect/generics/tree/Wildcard done
Event: 4.049 Loading class sun/reflect/generics/reflectiveObjects/WildcardTypeImpl
Event: 4.049 Loading class java/lang/reflect/WildcardType
Event: 4.049 Loading class java/lang/reflect/WildcardType done
Event: 4.049 Loading class sun/reflect/generics/reflectiveObjects/WildcardTypeImpl done
Event: 4.093 Loading class sun/reflect/generics/tree/ArrayTypeSignature
Event: 4.093 Loading class sun/reflect/generics/tree/ArrayTypeSignature done
Event: 4.094 Loading class sun/reflect/generics/tree/BooleanSignature
Event: 4.095 Loading class sun/reflect/generics/tree/BooleanSignature done
Event: 4.111 Loading class java/math/BigDecimal
Event: 4.112 Loading class java/math/BigDecimal done
Event: 4.124 Loading class java/util/concurrent/atomic/AtomicIntegerArray
Event: 4.124 Loading class java/util/concurrent/atomic/AtomicIntegerArray done
Event: 4.125 Loading class java/util/Currency
Event: 4.125 Loading class java/util/Currency done
Event: 4.128 Loading class java/util/concurrent/atomic/AtomicLongArray

Classes unloaded (7 events):
Event: 3.778 Thread 0x000001b4ff67ec20 Unloading class 0x0000000100254000 'java/lang/invoke/LambdaForm$MH+0x0000000100254000'
Event: 3.778 Thread 0x000001b4ff67ec20 Unloading class 0x0000000100253c00 'java/lang/invoke/LambdaForm$MH+0x0000000100253c00'
Event: 3.778 Thread 0x000001b4ff67ec20 Unloading class 0x0000000100253800 'java/lang/invoke/LambdaForm$MH+0x0000000100253800'
Event: 3.778 Thread 0x000001b4ff67ec20 Unloading class 0x0000000100253400 'java/lang/invoke/LambdaForm$MH+0x0000000100253400'
Event: 3.778 Thread 0x000001b4ff67ec20 Unloading class 0x0000000100253000 'java/lang/invoke/LambdaForm$BMH+0x0000000100253000'
Event: 3.778 Thread 0x000001b4ff67ec20 Unloading class 0x0000000100252c00 'java/lang/invoke/LambdaForm$DMH+0x0000000100252c00'
Event: 3.778 Thread 0x000001b4ff67ec20 Unloading class 0x0000000100250400 'java/lang/invoke/LambdaForm$DMH+0x0000000100250400'

Classes redefined (0 events):
No events

Internal exceptions (20 events):
Event: 3.061 Thread 0x000001b49b2b9000 Exception <a 'java/lang/NoSuchMethodError'{0x00000000ebc6af48}: 'java.lang.Object java.lang.invoke.DirectMethodHandle$Holder.invokeSpecial(java.lang.Object, java.lang.Object, int, java.lang.Object, java.lang.Object)'> (0x00000000ebc6af48) 
thrown [s\src\hotspot\share\interpreter\linkResolver.cpp, line 759]
Event: 3.244 Thread 0x000001b49ac0cdf0 Exception <a 'java/lang/NoSuchMethodError'{0x00000000eb10a2b0}: 'java.lang.Object java.lang.invoke.Invokers$Holder.linkToTargetMethod(java.lang.Object, long, java.lang.Object, java.lang.Object)'> (0x00000000eb10a2b0) 
thrown [s\src\hotspot\share\interpreter\linkResolver.cpp, line 759]
Event: 3.298 Thread 0x000001b49ac0cdf0 Exception <a 'java/io/FileNotFoundException'{0x00000000eb8c2d60}> (0x00000000eb8c2d60) 
thrown [s\src\hotspot\share\prims\jni.cpp, line 516]
Event: 3.299 Thread 0x000001b49ac0cdf0 Exception <a 'java/lang/NoSuchMethodError'{0x00000000eb8cc7c0}: 'java.lang.Object java.lang.invoke.DirectMethodHandle$Holder.newInvokeSpecial(java.lang.Object, int, java.lang.Object, java.lang.Object)'> (0x00000000eb8cc7c0) 
thrown [s\src\hotspot\share\interpreter\linkResolver.cpp, line 759]
Event: 3.350 Thread 0x000001b49ac0cdf0 Exception <a 'java/lang/NoSuchMethodError'{0x00000000ec0c7998}: 'void java.lang.invoke.DirectMethodHandle$Holder.invokeSpecial(java.lang.Object, java.lang.Object, java.lang.Object, int)'> (0x00000000ec0c7998) 
thrown [s\src\hotspot\share\interpreter\linkResolver.cpp, line 759]
Event: 3.387 Thread 0x000001b49ac0cdf0 Exception <a 'java/lang/NoSuchMethodError'{0x00000000ead493c0}: 'double java.lang.invoke.DirectMethodHandle$Holder.invokeStatic(java.lang.Object, java.lang.Object)'> (0x00000000ead493c0) 
thrown [s\src\hotspot\share\interpreter\linkResolver.cpp, line 759]
Event: 3.387 Thread 0x000001b49ac0cdf0 Exception <a 'java/lang/NoSuchMethodError'{0x00000000ead4ccd8}: 'double java.lang.invoke.DirectMethodHandle$Holder.invokeStaticInit(java.lang.Object, java.lang.Object)'> (0x00000000ead4ccd8) 
thrown [s\src\hotspot\share\interpreter\linkResolver.cpp, line 759]
Event: 3.697 Thread 0x000001b49ac0cdf0 Exception <a 'java/lang/ClassNotFoundException'{0x00000000ebba67f8}: com/sun/org/apache/xerces/internal/impl/msg/spi/DOMMessagesProvider> (0x00000000ebba67f8) 
thrown [s\src\hotspot\share\classfile\systemDictionary.cpp, line 256]
Event: 3.698 Thread 0x000001b49ac0cdf0 Exception <a 'java/lang/ClassNotFoundException'{0x00000000ebbca080}: com/sun/org/apache/xerces/internal/impl/msg/spi/XMLSerializerMessagesProvider> (0x00000000ebbca080) 
thrown [s\src\hotspot\share\classfile\systemDictionary.cpp, line 256]
Event: 3.699 Thread 0x000001b49ac0cdf0 Exception <a 'java/lang/ClassNotFoundException'{0x00000000ebbe38c0}: com/sun/org/apache/xerces/internal/impl/msg/spi/XMLMessagesProvider> (0x00000000ebbe38c0) 
thrown [s\src\hotspot\share\classfile\systemDictionary.cpp, line 256]
Event: 3.815 Thread 0x000001b49ac0cdf0 Exception <a 'java/lang/ClassNotFoundException'{0x00000000eac84820}: com/sun/org/apache/xml/internal/serializer/spi/XMLEntitiesProvider> (0x00000000eac84820) 
thrown [s\src\hotspot\share\classfile\systemDictionary.cpp, line 256]
Event: 3.882 Thread 0x000001b49ac0cdf0 Exception <a 'java/io/FileNotFoundException'{0x00000000eb04b690}> (0x00000000eb04b690) 
thrown [s\src\hotspot\share\prims\jni.cpp, line 516]
Event: 3.892 Thread 0x000001b49ac0cdf0 Exception <a 'java/lang/UnsatisfiedLinkError'{0x00000000eb16b3d8}: 지정된 프로시저를 찾을 수 없습니다.
> (0x00000000eb16b3d8) 
thrown [s\src\hotspot\share\prims\jni.cpp, line 535]
Event: 3.897 Thread 0x000001b49ac0cdf0 Exception <a 'java/io/FileNotFoundException'{0x00000000eb184658}> (0x00000000eb184658) 
thrown [s\src\hotspot\share\prims\jni.cpp, line 516]
Event: 3.904 Thread 0x000001b49ac0cdf0 Exception <a 'java/lang/UnsatisfiedLinkError'{0x00000000eb25b2e0}: 지정된 프로시저를 찾을 수 없습니다.
> (0x00000000eb25b2e0) 
thrown [s\src\hotspot\share\prims\jni.cpp, line 535]
Event: 3.965 Thread 0x000001b4ff5d8cf0 Exception <a 'java/lang/NoSuchMethodError'{0x00000000ebaaf230}: 'java.lang.Object java.lang.invoke.DirectMethodHandle$Holder.invokeStatic(java.lang.Object, java.lang.Object, long, java.lang.Object)'> (0x00000000ebaaf230) 
thrown [s\src\hotspot\share\interpreter\linkResolver.cpp, line 759]
Event: 3.965 Thread 0x000001b4ff5d8cf0 Exception <a 'java/lang/NoSuchMethodError'{0x00000000ebaec748}: 'java.lang.Object java.lang.invoke.DirectMethodHandle$Holder.invokeStaticInit(java.lang.Object, java.lang.Object, long, java.lang.Object)'> (0x00000000ebaec748) 
thrown [s\src\hotspot\share\interpreter\linkResolver.cpp, line 759]
Event: 3.966 Thread 0x000001b4ff5d8cf0 Exception <a 'java/lang/NoSuchMethodError'{0x00000000ebb19f90}: 'java.lang.Object java.lang.invoke.DirectMethodHandle$Holder.newInvokeSpecial(java.lang.Object, java.lang.Object, long)'> (0x00000000ebb19f90) 
thrown [s\src\hotspot\share\interpreter\linkResolver.cpp, line 759]
Event: 4.008 Thread 0x000001b49b2b9a20 Exception <a 'java/io/FileNotFoundException'{0x00000000ec0e2b68}> (0x00000000ec0e2b68) 
thrown [s\src\hotspot\share\prims\jni.cpp, line 516]
Event: 4.027 Thread 0x000001b4ff5d8cf0 Exception <a 'java/lang/NoSuchMethodError'{0x00000000eabf9188}: 'void java.lang.invoke.DirectMethodHandle$Holder.invokeStatic(java.lang.Object, java.lang.Object, java.lang.Object, java.lang.Object)'> (0x00000000eabf9188) 
thrown [s\src\hotspot\share\interpreter\linkResolver.cpp, line 759]

VM Operations (20 events):
Event: 3.464 Executing VM operation: ParallelGCFailedAllocation
Event: 3.465 Executing VM operation: ParallelGCFailedAllocation done
Event: 3.589 Executing VM operation: ParallelGCFailedAllocation
Event: 3.591 Executing VM operation: ParallelGCFailedAllocation done
Event: 3.679 Executing VM operation: HandshakeAllThreads
Event: 3.679 Executing VM operation: HandshakeAllThreads done
Event: 3.741 Executing VM operation: HandshakeAllThreads
Event: 3.741 Executing VM operation: HandshakeAllThreads done
Event: 3.758 Executing VM operation: ParallelGCFailedAllocation
Event: 3.760 Executing VM operation: ParallelGCFailedAllocation done
Event: 3.773 Executing VM operation: CollectForMetadataAllocation
Event: 3.791 Executing VM operation: CollectForMetadataAllocation done
Event: 3.792 Executing VM operation: HandshakeAllThreads
Event: 3.793 Executing VM operation: HandshakeAllThreads done
Event: 3.815 Executing VM operation: HandshakeAllThreads
Event: 3.815 Executing VM operation: HandshakeAllThreads done
Event: 3.826 Executing VM operation: HandshakeAllThreads
Event: 3.826 Executing VM operation: HandshakeAllThreads done
Event: 4.011 Executing VM operation: ParallelGCFailedAllocation
Event: 4.013 Executing VM operation: ParallelGCFailedAllocation done

Memory protections (0 events):
No events

Nmethod flushes (0 events):
No events

Events (20 events):
Event: 3.051 Thread 0x000001b498df7500 Thread added: 0x000001b49b0638b0
Event: 3.062 Thread 0x000001b49ac0cdf0 Thread added: 0x000001b49b2b9a20
Event: 3.433 Thread 0x000001b498df7500 Thread added: 0x000001b49b8b0050
Event: 3.716 Thread 0x000001b49ac0cdf0 Thread added: 0x000001b49b2bc7b0
Event: 3.928 Thread 0x000001b49b2b9000 Thread added: 0x000001b49b2b9f30
Event: 3.956 Thread 0x000001b49b2b9f30 Thread added: 0x000001b49b2b9510
Event: 3.975 Thread 0x000001b4ff5d8cf0 Thread added: 0x000001b49b2bb880
Event: 3.975 Thread 0x000001b4ff5d8cf0 Thread added: 0x000001b49b2b6270
Event: 3.975 Thread 0x000001b4ff5d8cf0 Thread added: 0x000001b49b2b6c90
Event: 3.975 Thread 0x000001b4ff5d8cf0 Thread added: 0x000001b49b2b80d0
Event: 3.975 Thread 0x000001b4ff5d8cf0 Thread added: 0x000001b49b2bb370
Event: 3.975 Thread 0x000001b4ff5d8cf0 Thread added: 0x000001b49b2b71a0
Event: 3.975 Thread 0x000001b4ff5d8cf0 Thread added: 0x000001b49b2b8af0
Event: 3.975 Thread 0x000001b4ff5d8cf0 Thread added: 0x000001b49b2ba440
Event: 3.975 Thread 0x000001b4ff5d8cf0 Thread added: 0x000001b49b2ba950
Event: 3.975 Thread 0x000001b4ff5d8cf0 Thread added: 0x000001b49b2b6780
Event: 3.976 Thread 0x000001b4ff5d8cf0 Thread added: 0x000001b49b2bbd90
Event: 3.976 Thread 0x000001b4ff5d8cf0 Thread added: 0x000001b49b2b76b0
Event: 3.976 Thread 0x000001b4ff5d8cf0 Thread added: 0x000001b49b2b7bc0
Event: 3.998 Thread 0x000001b4ff5d8cf0 Thread added: 0x000001b49b2bc2a0


Dynamic libraries:
0x00007ff7bd810000 - 0x00007ff7bd81e000 	c:\Users\user\.vscode\extensions\redhat.java-1.36.0-win32-x64\jre\17.0.13-win32-x86_64\bin\java.exe
0x00007ffa42c30000 - 0x00007ffa42e47000 	C:\windows\SYSTEM32\ntdll.dll
0x00007ffa41af0000 - 0x00007ffa41bb4000 	C:\windows\System32\KERNEL32.DLL
0x00007ffa40410000 - 0x00007ffa407c7000 	C:\windows\System32\KERNELBASE.dll
0x00007ffa3c960000 - 0x00007ffa3c9f7000 	C:\windows\SYSTEM32\apphelp.dll
0x00007ffa400e0000 - 0x00007ffa401f1000 	C:\windows\System32\ucrtbase.dll
0x00007ffa308f0000 - 0x00007ffa3090e000 	c:\Users\user\.vscode\extensions\redhat.java-1.36.0-win32-x64\jre\17.0.13-win32-x86_64\bin\VCRUNTIME140.dll
0x00007ffa311e0000 - 0x00007ffa311f7000 	c:\Users\user\.vscode\extensions\redhat.java-1.36.0-win32-x64\jre\17.0.13-win32-x86_64\bin\jli.dll
0x00007ffa41c30000 - 0x00007ffa41ddf000 	C:\windows\System32\USER32.dll
0x00007ffa40360000 - 0x00007ffa40386000 	C:\windows\System32\win32u.dll
0x00007ffa42010000 - 0x00007ffa42039000 	C:\windows\System32\GDI32.dll
0x00007ffa407d0000 - 0x00007ffa408e8000 	C:\windows\System32\gdi32full.dll
0x00007ffa40200000 - 0x00007ffa4029a000 	C:\windows\System32\msvcp_win.dll
0x00007ffa25bc0000 - 0x00007ffa25e53000 	C:\windows\WinSxS\amd64_microsoft.windows.common-controls_6595b64144ccf1df_6.0.22621.3672_none_2713b9d173822955\COMCTL32.dll
0x00007ffa42820000 - 0x00007ffa428c7000 	C:\windows\System32\msvcrt.dll
0x00007ffa41fb0000 - 0x00007ffa41fe1000 	C:\windows\System32\IMM32.DLL
0x00007ffa31730000 - 0x00007ffa3173c000 	c:\Users\user\.vscode\extensions\redhat.java-1.36.0-win32-x64\jre\17.0.13-win32-x86_64\bin\vcruntime140_1.dll
0x00007ff9fd780000 - 0x00007ff9fd80d000 	c:\Users\user\.vscode\extensions\redhat.java-1.36.0-win32-x64\jre\17.0.13-win32-x86_64\bin\msvcp140.dll
0x00007ff9bce80000 - 0x00007ff9bdaeb000 	c:\Users\user\.vscode\extensions\redhat.java-1.36.0-win32-x64\jre\17.0.13-win32-x86_64\bin\server\jvm.dll
0x00007ffa42a80000 - 0x00007ffa42b32000 	C:\windows\System32\ADVAPI32.dll
0x00007ffa41de0000 - 0x00007ffa41e88000 	C:\windows\System32\sechost.dll
0x00007ffa3ff40000 - 0x00007ffa3ff68000 	C:\windows\System32\bcrypt.dll
0x00007ffa41e90000 - 0x00007ffa41fa4000 	C:\windows\System32\RPCRT4.dll
0x00007ffa40990000 - 0x00007ffa40a01000 	C:\windows\System32\WS2_32.dll
0x00007ffa3edb0000 - 0x00007ffa3edfd000 	C:\windows\SYSTEM32\POWRPROF.dll
0x00007ffa2d760000 - 0x00007ffa2d794000 	C:\windows\SYSTEM32\WINMM.dll
0x00007ffa3da50000 - 0x00007ffa3da5a000 	C:\windows\SYSTEM32\VERSION.dll
0x00007ffa3ed90000 - 0x00007ffa3eda3000 	C:\windows\SYSTEM32\UMPDC.dll
0x00007ffa3f040000 - 0x00007ffa3f058000 	C:\windows\SYSTEM32\kernel.appcore.dll
0x00007ffa315e0000 - 0x00007ffa315ea000 	c:\Users\user\.vscode\extensions\redhat.java-1.36.0-win32-x64\jre\17.0.13-win32-x86_64\bin\jimage.dll
0x00007ffa2bf30000 - 0x00007ffa2c162000 	C:\windows\SYSTEM32\DBGHELP.DLL
0x00007ffa40a10000 - 0x00007ffa40d9e000 	C:\windows\System32\combase.dll
0x00007ffa40f30000 - 0x00007ffa41007000 	C:\windows\System32\OLEAUT32.dll
0x00007ffa2b710000 - 0x00007ffa2b742000 	C:\windows\SYSTEM32\dbgcore.DLL
0x00007ffa40390000 - 0x00007ffa4040b000 	C:\windows\System32\bcryptPrimitives.dll
0x00007ffa2cc30000 - 0x00007ffa2cc3e000 	c:\Users\user\.vscode\extensions\redhat.java-1.36.0-win32-x64\jre\17.0.13-win32-x86_64\bin\instrument.dll
0x00007ffa194f0000 - 0x00007ffa19515000 	c:\Users\user\.vscode\extensions\redhat.java-1.36.0-win32-x64\jre\17.0.13-win32-x86_64\bin\java.dll
0x00007ffa2fc20000 - 0x00007ffa2fc38000 	c:\Users\user\.vscode\extensions\redhat.java-1.36.0-win32-x64\jre\17.0.13-win32-x86_64\bin\zip.dll
0x00007ffa41060000 - 0x00007ffa418c9000 	C:\windows\System32\SHELL32.dll
0x00007ffa3de60000 - 0x00007ffa3e75f000 	C:\windows\SYSTEM32\windows.storage.dll
0x00007ffa3dd20000 - 0x00007ffa3de5f000 	C:\windows\SYSTEM32\wintypes.dll
0x00007ffa40e20000 - 0x00007ffa40f19000 	C:\windows\System32\SHCORE.dll
0x00007ffa41a90000 - 0x00007ffa41aee000 	C:\windows\System32\shlwapi.dll
0x00007ffa3fe70000 - 0x00007ffa3fe97000 	C:\windows\SYSTEM32\profapi.dll
0x00007ffa33d90000 - 0x00007ffa33da9000 	C:\Users\user\.vscode\extensions\redhat.java-1.36.0-win32-x64\jre\17.0.13-win32-x86_64\bin\net.dll
0x00007ffa3bcc0000 - 0x00007ffa3bdf6000 	C:\windows\SYSTEM32\WINHTTP.dll
0x00007ffa3f4a0000 - 0x00007ffa3f509000 	C:\windows\system32\mswsock.dll
0x00007ffa31400000 - 0x00007ffa31416000 	C:\Users\user\.vscode\extensions\redhat.java-1.36.0-win32-x64\jre\17.0.13-win32-x86_64\bin\nio.dll
0x00007ffa2fb30000 - 0x00007ffa2fb40000 	c:\Users\user\.vscode\extensions\redhat.java-1.36.0-win32-x64\jre\17.0.13-win32-x86_64\bin\verify.dll
0x00007ffa03480000 - 0x00007ffa034c5000 	C:\Users\user\AppData\Roaming\Code\User\globalStorage\redhat.java\1.36.0\config_win\org.eclipse.equinox.launcher\org.eclipse.equinox.launcher.win32.win32.x86_64_1.2.1100.v20240722-2106\eclipse_11904.dll
0x00007ffa428d0000 - 0x00007ffa42a75000 	C:\windows\System32\ole32.dll
0x00007ffa3f7f0000 - 0x00007ffa3f80b000 	C:\windows\SYSTEM32\CRYPTSP.dll
0x00007ffa3efa0000 - 0x00007ffa3efd5000 	C:\windows\system32\rsaenh.dll
0x00007ffa3f540000 - 0x00007ffa3f568000 	C:\windows\SYSTEM32\USERENV.dll
0x00007ffa3f7d0000 - 0x00007ffa3f7dc000 	C:\windows\SYSTEM32\CRYPTBASE.dll
0x00007ffa3ea40000 - 0x00007ffa3ea6d000 	C:\windows\SYSTEM32\IPHLPAPI.DLL
0x00007ffa40980000 - 0x00007ffa40989000 	C:\windows\System32\NSI.dll
0x00007ffa3aae0000 - 0x00007ffa3aaf9000 	C:\windows\SYSTEM32\dhcpcsvc6.DLL
0x00007ffa3aa00000 - 0x00007ffa3aa1f000 	C:\windows\SYSTEM32\dhcpcsvc.DLL
0x00007ffa3eab0000 - 0x00007ffa3ebb2000 	C:\windows\SYSTEM32\DNSAPI.dll
0x00007ff9fcc90000 - 0x00007ff9fccd9000 	C:\Users\user\AppData\Local\Temp\jna-3599307\jna6759560421511006505.dll
0x00007ffa42290000 - 0x00007ffa42298000 	C:\windows\System32\PSAPI.DLL

dbghelp: loaded successfully - version: 4.0.5 - missing functions: none
symbol engine: initialized successfully - sym options: 0x614 - pdb path: .;c:\Users\user\.vscode\extensions\redhat.java-1.36.0-win32-x64\jre\17.0.13-win32-x86_64\bin;C:\windows\SYSTEM32;C:\windows\WinSxS\amd64_microsoft.windows.common-controls_6595b64144ccf1df_6.0.22621.3672_none_2713b9d173822955;c:\Users\user\.vscode\extensions\redhat.java-1.36.0-win32-x64\jre\17.0.13-win32-x86_64\bin\server;C:\Users\user\AppData\Roaming\Code\User\globalStorage\redhat.java\1.36.0\config_win\org.eclipse.equinox.launcher\org.eclipse.equinox.launcher.win32.win32.x86_64_1.2.1100.v20240722-2106;C:\Users\user\AppData\Local\Temp\jna-3599307

VM Arguments:
jvm_args: --add-modules=ALL-SYSTEM --add-opens=java.base/java.util=ALL-UNNAMED --add-opens=java.base/java.lang=ALL-UNNAMED --add-opens=java.base/sun.nio.fs=ALL-UNNAMED -Declipse.application=org.eclipse.jdt.ls.core.id1 -Dosgi.bundles.defaultStartLevel=4 -Declipse.product=org.eclipse.jdt.ls.core.product -Djava.import.generatesMetadataFilesAtProjectRoot=false -DDetectVMInstallationsJob.disabled=true -Dfile.encoding=utf8 -XX:+UseParallelGC -XX:GCTimeRatio=4 -XX:AdaptiveSizePolicyWeight=90 -Dsun.zip.disableMemoryMapping=true -Xmx1G -Xms100m -Xlog:disable -javaagent:c:\Users\user\.vscode\extensions\redhat.java-1.36.0-win32-x64\lombok\lombok-1.18.35.jar -XX:+HeapDumpOnOutOfMemoryError -XX:HeapDumpPath=c:\Users\user\AppData\Roaming\Code\User\workspaceStorage\c7b7e401d10cee196e386f16ae98a690\redhat.java -Daether.dependencyCollector.impl=bf 
java_command: c:\Users\user\.vscode\extensions\redhat.java-1.36.0-win32-x64\server\plugins\org.eclipse.equinox.launcher_1.6.900.v20240613-2009.jar -configuration c:\Users\user\AppData\Roaming\Code\User\globalStorage\redhat.java\1.36.0\config_win -data c:\Users\user\AppData\Roaming\Code\User\workspaceStorage\c7b7e401d10cee196e386f16ae98a690\redhat.java\jdt_ws --pipe=\\.\pipe\lsp-d6f03c5c84be8e2fcf95336722e5b7f8-sock
java_class_path (initial): c:\Users\user\.vscode\extensions\redhat.java-1.36.0-win32-x64\server\plugins\org.eclipse.equinox.launcher_1.6.900.v20240613-2009.jar
Launcher Type: SUN_STANDARD

[Global flags]
    uintx AdaptiveSizePolicyWeight                 = 90                                        {product} {command line}
     intx CICompilerCount                          = 4                                         {product} {ergonomic}
    uintx GCTimeRatio                              = 4                                         {product} {command line}
     bool HeapDumpOnOutOfMemoryError               = true                                   {manageable} {command line}
    ccstr HeapDumpPath                             = c:\Users\user\AppData\Roaming\Code\User\workspaceStorage\c7b7e401d10cee196e386f16ae98a690\redhat.java         {manageable} {command line}
   size_t InitialHeapSize                          = 104857600                                 {product} {command line}
   size_t MaxHeapSize                              = 1073741824                                {product} {command line}
   size_t MaxNewSize                               = 357564416                                 {product} {ergonomic}
   size_t MinHeapDeltaBytes                        = 524288                                    {product} {ergonomic}
   size_t MinHeapSize                              = 104857600                                 {product} {command line}
   size_t NewSize                                  = 34603008                                  {product} {ergonomic}
    uintx NonNMethodCodeHeapSize                   = 5839372                                {pd product} {ergonomic}
    uintx NonProfiledCodeHeapSize                  = 122909434                              {pd product} {ergonomic}
   size_t OldSize                                  = 70254592                                  {product} {ergonomic}
    uintx ProfiledCodeHeapSize                     = 122909434                              {pd product} {ergonomic}
    uintx ReservedCodeCacheSize                    = 251658240                              {pd product} {ergonomic}
     bool SegmentedCodeCache                       = true                                      {product} {ergonomic}
   size_t SoftMaxHeapSize                          = 1073741824                             {manageable} {ergonomic}
     bool UseCompressedClassPointers               = true                           {product lp64_product} {ergonomic}
     bool UseCompressedOops                        = true                           {product lp64_product} {ergonomic}
     bool UseLargePagesIndividualAllocation        = false                                  {pd product} {ergonomic}
     bool UseParallelGC                            = true                                      {product} {command line}

Logging:
Log output configuration:
 #0: stdout all=off uptime,level,tags
 #1: stderr all=off uptime,level,tags

Environment Variables:
JAVA_HOME=C:\Program Files\Java\jdk-17
CLASSPATH=C:\Program Files\Java\jdk-17\lib
PATH=C:\oraclexe\app\oracle\product\11.2.0\server\bin;C:\Program Files\Common Files\Oracle\Java\javapath;C:\Program Files\Eclipse Adoptium\jdk-21.0.3.9-hotspot\bin;C:\windows\system32;C:\windows;C:\windows\System32\Wbem;C:\windows\System32\WindowsPowerShell\v1.0\;C:\windows\System32\OpenSSH\;C:\Program Files\Bandizip\;C:\Program Files\Git\cmd;C:\Program Files\nodejs\;C:\Program Files\Java\jdk-17\bin\;C:\Program Files\Java\scripts;C:\Program Files\PuTTY\;C:\Users\user\AppData\Local\Microsoft\WindowsApps;C:\Users\user\AppData\Local\Programs\Microsoft VS Code\bin;C:\Users\user\AppData\Roaming\npm
USERNAME=user
OS=Windows_NT
PROCESSOR_IDENTIFIER=Intel64 Family 6 Model 151 Stepping 2, GenuineIntel
TMP=C:\Users\user\AppData\Local\Temp
TEMP=C:\Users\user\AppData\Local\Temp



Periodic native trim disabled


---------------  S Y S T E M  ---------------

OS:
 Windows 11 , 64 bit Build 22621 (10.0.22621.3958)
OS uptime: 7 days 20:41 hours
Hyper-V role detected

CPU: total 12 (initial active 12) (6 cores per cpu, 2 threads per core) family 6 model 151 stepping 2 microcode 0x1e, cx8, cmov, fxsr, ht, mmx, 3dnowpref, sse, sse2, sse3, ssse3, sse4.1, sse4.2, popcnt, lzcnt, tsc, tscinvbit, avx, avx2, aes, erms, clmul, bmi1, bmi2, adx, sha, fma, vzeroupper, clflush, clflushopt, clwb, hv
Processor Information for all 12 processors :
  Max Mhz: 2500, Current Mhz: 2500, Mhz Limit: 2500

Memory: 4k page, system-wide physical 16099M (2549M free)
TotalPageFile size 65251M (AvailPageFile size 4M)
current process WorkingSet (physical memory assigned to process): 185M, peak: 191M
current process commit charge ("private bytes"): 287M, peak: 291M

vm_info: OpenJDK 64-Bit Server VM (17.0.13+11) for windows-amd64 JRE (17.0.13+11), built on Oct 16 2024 00:10:08 by "admin" with MS VC++ 17.7 (VS2022)

END.
